29 2019 12:21:46

rst:0x1 (POWERON_RESET),boot:0x13 (SPI_FAST_FLASH_BOOT)
configsip: 0, SPIWP:0xee
clk_drv:0x00,q_drv:0x00,d_drv:0x00,cs0_drv:0x00,hd_drv:0x00,wp_drv:0x00
mode:DIO, clock div:2
load:0x3fff0030,len:7176
load:0ï¿½ets Jul 29 2019 12:21:46

rst:0x1 (POWERON_RESET),boot:0x13 (SPI_FAST_FLASH_BOOT)
configsip: 0, SPIWP:0xee
clk_drv:0x00,q_drv:0x00,d_drv:0x00,cs0_drv:0x00,hd_drv:0x00,wp_drv:0x00
mode:DIO, clock div:2
load:0x3fff0030,len:7176
load:0x40078000,len:15564
ho 0 tail 12 room 4
load:0x40080400,len:4
load:0x40080404,len:3904
entry 0x40080640
[0;32mI (31) boot: ESP-IDF v5.3.1-dirty 2nd stage bootloader[0m
[0;32mI (31) boot: compile time Aug  1 2025 22:22:06[0m
[0;32mI (31) boot: Multicore bootloader[0m
[0;32mI (36) boot: chip revision: v3.1[0m
[0;32mI (40) boot.esp32: SPI Speed      : 40MHz[0m
[0;32mI (44) boot.esp32: SPI Mode       : DIO[0m
[0;32mI (49) boot.esp32: SPI Flash Size : 2MB[0m
[0;32mI (53) boot: Enabling RNG early entropy source...[0m
[0;32mI (59) boot: Partition Table:[0m
[0;32mI (62) boot: ## Label            Usage          Type ST Offset   Length[0m
[0;32mI (70) boot:  0 nvs              WiFi data        01 02 00009000 00006000[0m
[0;32mI (77) boot:  1 phy_init         RF data          01 01 0000f000 00001000[0m
[0;32mI (85) boot:  2 factory          factory app      00 00 00010000 00100000[0m
[0;32mI (92) boot: End of partition table[0m
[0;32mI (96) esp_image: segment 0: paddr=00010020 vaddr=3f400020 size=09cb8h ( 40120) map[0m
[0;32mI (119) esp_image: segment 1: paddr=00019ce0 vaddr=3ffb0000 size=02364h (  9060) load[0m
[0;32mI (122) esp_image: segment 2: paddr=0001c04c vaddr=40080000 size=03fcch ( 16332) load[0m
[0;32mI (131) esp_image: segment 3: paddr=00020020 vaddr=400d0020 size=14a54h ( 84564) map[0m
[0;32mI (162) esp_image: segment 4: paddr=00034a7c vaddr=40083fcc size=08a58h ( 35416) load[0m
[0;32mI (182) boot: Loaded app from partition at offset 0x10000[0m
[0;32mI (182) boot: Disabling RNG early entropy source...[0m
[0;32mI (194) cpu_start: Multicore app[0m
[0;32mI (203) cpu_start: Pro cpu start user code[0m
[0;32mI (203) cpu_start: cpu freq: 160000000 Hz[0m
[0;32mI (203) app_init: Application information:[0m
[0;32mI (206) app_init: Project name:     IR_analog[0m
[0;32mI (211) app_init: App version:      v5.3.1-dirty[0m
[0;32mI (216) app_init: Compile time:     Aug  1 2025 22:21:28[0m
[0;32mI (222) app_init: ELF file SHA256:  0df76d1d8...[0m
[0;32mI (227) app_init: ESP-IDF:          v5.3.1-dirty[0m
[0;32mI (233) efuse_init: Min chip rev:     v0.0[0m
[0;32mI (237) efuse_init: Max chip rev:     v3.99 [0m
[0;32mI (242) efuse_init: Chip rev:         v3.1[0m
[0;32mI (247) heap_init: Initializing. RAM available for dynamic allocation:[0m
[0;32mI (255) heap_init: At 3FFAE6E0 len 00001920 (6 KiB): DRAM[0m
[0;32mI (260) heap_init: At 3FFB2C30 len 0002D3D0 (180 KiB): DRAM[0m
[0;32mI (267) heap_init: At 3FFE0440 len 00003AE0 (14 KiB): D/IRAM[0m
[0;32mI (273) heap_init: At 3FFE4350 len 0001BCB0 (111 KiB): D/IRAM[0m
[0;32mI (279) heap_init: At 4008CA24 len 000135DC (77 KiB): IRAM[0m
[0;32mI (287) spi_flash: detected chip: generic[0m
[0;32mI (290) spi_flash: flash io: dio[0m
[0;33mW (294) spi_flash: Detected size(4096k) larger than the size in the binary image header(2048k). Using the size in the binary image header.[0m
[0;33mW (307) ADC: legacy driver is deprecated, please migrate to `esp_adc/adc_oneshot.h`[0m
[0;32mI (316) main_task: Started on CPU0[0m
[0;32mI (326) main_task: Calling app_main()[0m
Shreya: 927
Shreya: 924
Shreya: 937
Shreya: 922
Shreya: 948
Shreya: 954
Shreya: 955
Shreya: 956
Shreya: 957
Shreya: 959
Shreya: 957
Shreya: 961
Shreya: 956
Shreya: 960
Shreya: 961
Shreya: 0
Shreya: 0
Shreya: 0
Shreya: 964
Shreya: 961
Shreya: 962
Shreya: 958
Shreya: 966
Shreya: 958
Shreya: 895
Shreya: 901
Shreya: 905
Shreya: 906
Shreya: 900
Shreya: 902
Shreya: 900
Shreya: 895
Shreya: 899
Shreya: 902
Shreya: 902
Shreya: 903
Shreya: 901
Shreya: 900
Shreya: 900
Shreya: 889
Shreya: 894
Shreya: 895
Shreya: 901
Shreya: 895
Shreya: 905
Shreya: 903
Shreya: 905
Shreya: 907
Shreya: 908
Shreya: 907
Shreya: 901
Shreya: 899
Shreya: 899
Shreya: 895
Shreya: 895
Shreya: 895
Shreya: 901
Shreya: 900
Shreya: 899
Shreya: 900
Shreya: 903
Shreya: 902
Shreya: 905
Shreya: 904
Shreya: 905
Shreya: 901
Shreya: 908
Shreya: 907
Shreya: 903
Shreya: 903
Shreya: 903
Shreya: 900
Shreya: 895
Shreya: 895
Shreya: 895
Shreya: 895
Shreya: 895
Shreya: 894
Shreya: 890
Shreya: 900
Shreya: 895
Shreya: 899
Shreya: 895
Shreya: 893
Shreya: 895
Shreya: 895
Shreya: 900
Shreya: 902
Shreya: 886
Shreya: 895
Shreya: 895
Shreya: 891
Shreya: 894
Shreya: 892
Shreya: 892
Shreya: 890
Shreya: 892
Shreya: 892
Shreya: 893
Shreya: 892
Shreya: 884
Shreya: 887
Shreya: 895
Shreya: 881
Shreya: 895
Shreya: 900
Shreya: 901
Shreya: 895
Shreya: 900
Shreya: 891
Shreya: 893
Shreya: 900
Shreya: 900
Shreya: 895
Shreya: 895
Shreya: 895
Shreya: 902
Shreya: 908
Shreya: 901
Shreya: 895
Shreya: 900
Shreya: 914
Shreya: 900
Shreya: 899
Shreya: 894
Shreya: 884
Shreya: 892
Shreya: 900
Shreya: 915
Shreya: 895
Shreya: 892
Shreya: 890
Shreya: 888
Shreya: 888
Shreya: 888
Shreya: 889
Shreya: 889
Shreya: 888
Shreya: 887
Shreya: 877
Shreya: 889
Shreya: 888
Shreya: 904
Shreya: 885
Shreya: 923
Shreya: 932
Shreya: 934
Shreya: 939
Shreya: 951
Shreya: 950
Shreya: 953
Shreya: 953
Shreya: 953
Shreya: 939
Shreya: 955
Shreya: 950
Shreya: 951
Shreya: 961
Shreya: 948
Shreya: 951
Shreya: 970
Shreya: 953
Shreya: 951
Shreya: 955
Shreya: 961
Shreya: 953
Shreya: 951
Shreya: 977
Shreya: 944
Shreya: 949
Shreya: 952
Shreya: 958
Shreya: 950
Shreya: 953
Shreya: 952
Shreya: 951
Shreya: 955
Shreya: 954
Shreya: 956
Shreya: 956
Shreya: 957
Shreya: 956
Shreya: 956
Shreya: 955
Shreya: 956
Shreya: 956
Shreya: 955
Shreya: 955
Shreya: 955
Shreya: 952
Shreya: 953
Shreya: 955
Shreya: 964
Shreya: 955
Shreya: 952
Shreya: 952
Shreya: 950
Shreya: 951
Shreya: 937
Shreya: 964
Shreya: 952
Shreya: 950
Shreya: 952
Shreya: 950
Shreya: 953
Shreya: 953
Shreya: 953
Shreya: 952
Shreya: 953
Shreya: 937
Shreya: 949
Shreya: 949
Shreya: 948
Shreya: 948
Shreya: 949
Shreya: 947
Shreya: 955
Shreya: 957
Shreya: 951
Shreya: 952
Shreya: 949
Shreya: 948
Shreya: 952
Shreya: 951
Shreya: 940
Shreya: 953
Shreya: 951
Shreya: 951
Shreya: 948
Shreya: 948
Shreya: 948
Shreya: 948
Shreya: 947
Shreya: 946
Shreya: 948
Shreya: 945
Shreya: 945
Shreya: 944
Shreya: 946
Shreya: 945
Shreya: 948
Shreya: 945
Shreya: 942
Shreya: 944
Shreya: 948
Shreya: 944
Shreya: 932
Shreya: 941
Shreya: 939
Shreya: 944
Shreya: 942
Shreya: 944
Shreya: 944
Shreya: 944
Shreya: 943
Shreya: 941
Shreya: 941
Shreya: 944
Shreya: 941
Shreya: 941
Shreya: 940
Shreya: 957
Shreya: 942
Shreya: 946
Shreya: 945
Shreya: 945
Shreya: 945
Shreya: 959
Shreya: 944
Shreya: 944
Shreya: 946
Shreya: 947
Shreya: 948
Shreya: 946
Shreya: 947
Shreya: 946
Shreya: 946
Shreya: 947
Shreya: 947
Shreya: 947
Shreya: 947
Shreya: 940
Shreya: 948
Shreya: 947
Shreya: 936
Shreya: 945
Shreya: 943
Shreya: 908
Shreya: 942
Shreya: 944
Shreya: 943
Shreya: 944
Shreya: 945
Shreya: 945
Shreya: 943
Shreya: 941
Shreya: 945
Shreya: 941
Shreya: 945
Shreya: 949
Shreya: 943
Shreya: 942
Shreya: 942
Shreya: 942
Shreya: 942
Shreya: 942
Shreya: 941
Shreya: 940
Shreya: 940
Shreya: 940
Shreya: 937
Shreya: 939
Shreya: 940
Shreya: 939
Shreya: 939
Shreya: 940
Shreya: 941
Shreya: 938
Shreya: 941
Shreya: 940
Shreya: 952
Shreya: 941
Shreya: 940
Shreya: 942
Shreya: 941
Shreya: 940
Shreya: 941
Shreya: 943
Shreya: 939
Shreya: 935
Shreya: 939
Shreya: 939
Shreya: 942
Shreya: 946
Shreya: 944
Shreya: 945
Shreya: 966
Shreya: 943
Shreya: 941
Shreya: 943
Shreya: 944
Shreya: 944
Shreya: 946
Shreya: 949
Shreya: 942
Shreya: 936
Shreya: 943
Shreya: 942
Shreya: 0
Shreya: 0
Shreya: 