N_RESET),boot:0x13 (SPI_FAST_FLASH_BOOT)
configsip: 0, SPIWP:0xee
clk_drv:0x00,q_drv:0x00,d_drv:0x00,cs0_drv:0x00,hd_drv:0x00,wp_drv:0x00
mode:DIO, clock div:2
load:0x3fff0030,len:7176
load:0ï¿½ets Jul 29 2019 12:21:46

rst:0x1 (POWERON_RESET),boot:0x13 (SPI_FAST_FLASH_BOOT)
configsip: 0, SPIWP:0xee
clk_drv:0x00,q_drv:0x00,d_drv:0x00,cs0_drv:0x00,hd_drv:0x00,wp_drv:0x00
mode:DIO, clock div:2
load:0x3fff0030,len:7176
load:0x40078000,len:15564
ho 0 tail 12 room 4
load:0x40080400,len:4
load:0x40080404,len:3904
entry 0x40080640
[0;32mI (31) boot: ESP-IDF v5.3.1-dirty 2nd stage bootloader[0m
[0;32mI (31) boot: compile time Aug  1 2025 22:22:06[0m
[0;32mI (31) boot: Multicore bootloader[0m
[0;32mI (36) boot: chip revision: v3.1[0m
[0;32mI (40) boot.esp32: SPI Speed      : 40MHz[0m
[0;32mI (44) boot.esp32: SPI Mode       : DIO[0m
[0;32mI (49) boot.esp32: SPI Flash Size : 2MB[0m
[0;32mI (53) boot: Enabling RNG early entropy source...[0m
[0;32mI (59) boot: Partition Table:[0m
[0;32mI (62) boot: ## Label            Usage          Type ST Offset   Length[0m
[0;32mI (70) boot:  0 nvs              WiFi data        01 02 00009000 00006000[0m
[0;32mI (77) boot:  1 phy_init         RF data          01 01 0000f000 00001000[0m
[0;32mI (85) boot:  2 factory          factory app      00 00 00010000 00100000[0m
[0;32mI (92) boot: End of partition table[0m
[0;32mI (96) esp_image: segment 0: paddr=00010020 vaddr=3f400020 size=09cb8h ( 40120) map[0m
[0;32mI (119) esp_image: segment 1: paddr=00019ce0 vaddr=3ffb0000 size=02364h (  9060) load[0m
[0;32mI (122) esp_image: segment 2: paddr=0001c04c vaddr=40080000 size=03fcch ( 16332) load[0m
[0;32mI (131) esp_image: segment 3: paddr=00020020 vaddr=400d0020 size=14a54h ( 84564) map[0m
[0;32mI (162) esp_image: segment 4: paddr=00034a7c vaddr=40083fcc size=08a58h ( 35416) load[0m
[0;32mI (182) boot: Loaded app from partition at offset 0x10000[0m
[0;32mI (182) boot: Disabling RNG early entropy source...[0m
[0;32mI (194) cpu_start: Multicore app[0m
[0;32mI (203) cpu_start: Pro cpu start user code[0m
[0;32mI (203) cpu_start: cpu freq: 160000000 Hz[0m
[0;32mI (203) app_init: Application information:[0m
[0;32mI (206) app_init: Project name:     IR_analog[0m
[0;32mI (211) app_init: App version:      v5.3.1-dirty[0m
[0;32mI (216) app_init: Compile time:     Aug  1 2025 22:21:28[0m
[0;32mI (222) app_init: ELF file SHA256:  0df76d1d8...[0m
[0;32mI (227) app_init: ESP-IDF:          v5.3.1-dirty[0m
[0;32mI (233) efuse_init: Min chip rev:     v0.0[0m
[0;32mI (237) efuse_init: Max chip rev:     v3.99 [0m
[0;32mI (242) efuse_init: Chip rev:         v3.1[0m
[0;32mI (247) heap_init: Initializing. RAM available for dynamic allocation:[0m
[0;32mI (255) heap_init: At 3FFAE6E0 len 00001920 (6 KiB): DRAM[0m
[0;32mI (260) heap_init: At 3FFB2C30 len 0002D3D0 (180 KiB): DRAM[0m
[0;32mI (267) heap_init: At 3FFE0440 len 00003AE0 (14 KiB): D/IRAM[0m
[0;32mI (273) heap_init: At 3FFE4350 len 0001BCB0 (111 KiB): D/IRAM[0m
[0;32mI (279) heap_init: At 4008CA24 len 000135DC (77 KiB): IRAM[0m
[0;32mI (287) spi_flash: detected chip: generic[0m
[0;32mI (290) spi_flash: flash io: dio[0m
[0;33mW (294) spi_flash: Detected size(4096k) larger than the size in the binary image header(2048k). Using the size in the binary image header.[0m
[0;33mW (307) ADC: legacy driver is deprecated, please migrate to `esp_adc/adc_oneshot.h`[0m
[0;32mI (316) main_task: Started on CPU0[0m
[0;32mI (326) main_task: Calling app_main()[0m
Shreya: 1023
Shreya: 1023
Shreya: 1023
Shreya: 1023
Shreya: 1023
Shreya: 1023
Shreya: 1023
Shreya: 1023
Shreya: 1023
Shreya: 1023
Shreya: 1023
Shreya: 1023
Shreya: 1023
Shreya: 1023
Shreya: 1023
Shreya: 1023
Shreya: 1023
Shreya: 1023
Shreya: 1023
Shreya: 1023
Shreya: 1023
Shreya: 1023
Shreya: 1023
Shreya: 1023
Shreya: 1023
Shreya: 1023
Shreya: 1023
Shreya: 1023
Shreya: 1023
Shreya: 1023
Shreya: 1023
Shreya: 1023
Shreya: 1023
Shreya: 1023
Shreya: 1023
Shreya: 1023
Shreya: 1023
Shreya: 1023
Shreya: 1023
Shreya: 1023
Shreya: 1023
Shreya: 1023
Shreya: 1023
Shreya: 1023
Shreya: 1023
Shreya: 1023
Shreya: 1023
Shreya: 160
Shreya: 1
Shreya: 3
Shreya: 0
Shreya: 20
Shreya: 1023
Shreya: 1023
Shreya: 1023
Shreya: 1023
Shreya: 1023
Shreya: 1023
Shreya: 1023
Shreya: 1023
Shreya: 1023
Shreya: 1023
Shreya: 365
Shreya: 0
Shreya: 0
Shreya: 0
Shreya: 1
Shreya: 0
Shreya: 0
Shreya: 0
Shreya: 1023
Shreya: 1023
Shreya: 1023
Shreya: 1023
Shreya: 1023
Shreya: 1023
Shreya: 1023
Shreya: 1023
Shreya: 1023
Shreya: 1023
Shreya: 1023
Shreya: 1023
Shreya: 1023
Shreya: 1023
Shreya: 1023
Shreya: 1023
Shreya: 1023
Shreya: 1023
Shreya: 1023
Shreya: 1023
Shreya: 1023
Shreya: 1023
Shreya: 1023
Shreya: 1023
Shreya: 1023
Shreya: 1023
Shreya: 1023
Shreya: 1023
Shreya: 1023
Shreya: 1023
Shreya: 1023
Shreya: 1023
Shreya: 1023
Shreya: 1023
Shreya: 1023
Shreya: 1023
Shreya: 1023
Shreya: 1023
Shreya: 1023
Shreya: 1023
Shreya: 1023
Shreya: 1023
Shreya: 1023
Shreya: 1023
Shreya: 1023
Shreya: 1023
Shreya: 1023
Shreya: 1023
Shreya: 1023
Shreya: 1023
Shreya: 1023
Shreya: 1023
Shreya: 1023
Shreya: 1023
Shreya: 1023
Shreya: 1023
Shreya: 1
Shreya: 0
Shreya: 0
Shreya: 0
Shreya: 0
Shreya: 5
Shreya: 2
Shreya: 0
Shreya: 0
Shreya: 1
Shreya: 0
Shreya: 0
Shreya: 0
Shreya: 0
Shreya: 0
Shreya: 2
Shreya: 0
Shreya: 0
Shreya: 0
Shreya: 2
Shreya: 0
Shreya: 0
Shreya: 0
Shreya: 2
Shreya: 1
Shreya: 1
Shreya: 3
Shreya: 0
Shreya: 0
Shreya: 0
Shreya: 0
Shreya: 0
Shreya: 1
Shreya: 0
Shreya: 0
Shreya: 0
Shreya: 1
Shreya: 0
Shreya: 4
Shreya: 3
Shreya: 0
Shreya: 0
Shreya: 0
Shreya: 4
Shreya: 0
Shreya: 0
Shreya: 0
Shreya: 0
Shreya: 1
Shreya: 0
Shreya: 0
Shreya: 0
Shreya: 0
Shreya: 0
Shreya: 1
Shreya: 1
Shreya: 0
Shreya: 0
Shreya: 0
Shreya: 0
Shreya: 0
Shreya: 0
Shreya: 1
Shreya: 0
Shreya: 1
Shreya: 0
Shreya: 0
Shreya: 0
Shreya: 0
Shreya: 0
Shreya: 1
Shreya: 0
Shreya: 1
Shreya: 0
Shreya: 0
Shreya: 0
Shreya: 0
Shreya: 0
Shreya: 0
Shreya: 17
Shreya: 2
Shreya: 0
Shreya: 0
Shreya: 0
Shreya: 1
Shreya: 0
Shreya: 1
Shreya: 0
Shreya: 0
Shreya: 0
Shreya: 0
Shreya: 0
Shreya: 0
Shreya: 0
Shreya: 4
Shreya: 0
Shreya: 1
Shreya: 1
Shreya: 0
Shreya: 0
Shreya: 0
Shreya: 0
Shreya: 0
Shreya: 2
Shreya: 0
Shreya: 0
Shreya: 4
Shreya: 0
Shreya: 0
Shreya: 1
Shreya: 1
Shreya: 1
Shreya: 0
Shreya: 1
Shreya: 0
Shreya: 0
Shreya: 0
Shreya: 0
Shreya: 0
Shreya: 1
Shreya: 0
Shreya: 1
Shreya: 0
Shreya: 0
Shreya: 0
Shreya: 0
Shreya: 2
Shreya: 3
Shreya: 0
Shreya: 1
Shreya: 0
Shreya: 0
Shreya: 3
Shreya: 1
Shreya: 13
Shreya: 1
Shreya: 1
Shreya: 0
Shreya: 0
Shreya: 1
Shreya: 0
Shreya: 2
Shreya: 0
Shreya: 2
Shreya: 0
Shreya: 0
Shreya: 0
Shreya: 1
Shreya: 0
Shreya: 0
Shreya: 0
Shreya: 0
Shreya: 1
Shreya: 1
Shreya: 1
Shreya: 1
Shreya: 0
Shreya: 1
Shreya: 1023
Shreya: 1023
Shreya: 1023
Shreya: 1023
Shreya: 1023
Shreya: 1023
Shreya: 1023
Shreya: 1023
Shreya: 1023
Shreya: 1023
Shreya: 1023
Shreya: 1023
Shreya: 1023
Shreya: 1023
Shreya: 1023
Shreya: 1023
Shreya: 1023
Shreya: 1023
Shreya: 1023
Shreya: 1023
Shreya: 1023
Shreya: 1023
Shreya: 1023
Shreya: 1023
Shreya: 1023
Shreya: 1023
Shreya: 1023
Shreya: 1023
Shreya: 1023
Shreya: 1023
Shreya: 1023
Shreya: 1023
Shreya: 1023
Shreya: 1023
Shreya: 1023
Shreya: 1023
Shreya: 1023
Shreya: 1023
Shreya: 1023
Shreya: 1023
Shreya: 1023
Shreya: 1023
Shreya: 1023
Shreya: 2
Shreya: 0
Shreya: 0
Shreya: 0
Shreya: 1023
Shreya: 1023
Shreya: 1023
Shreya: 1023
Shreya: 1023
Shreya: 1023
Shreya: 1023
Shreya: 1023
Shreya: 1023
Shreya: 1023
Shreya: 1023
Shreya: 1023
Shreya: 1023
Shreya: 1023
Shreya: 1023
Shreya: 1023
Shreya: 1023
Shreya: 1023
Shreya: 1023
Shreya: 1023
Shreya: 1023
Shreya: 1023
Shreya: 1023
Shreya: 1023
Shreya: 1023
Shreya: 1023
Shreya: 1023
Shreya: 1023
Shreya: 1023
Shreya: 1023
Shreya: 1023
Shreya: 1023
Shreya: 1023
Shreya: 1023
Shreya: 1023
Shreya: 1023
Shreya: 1023
Shreya: 1023
Shreya: 1023
Shreya: 1023
Shreya: 1023
Shreya: 1023
Shreya: 1023
Shreya: 1023
Shreya: 1023
Shreya: 1023
Shreya: 1023
Shreya: 1023
Shreya: 1023
Shreya: 1023
Shreya: 1023
Shreya: 1023
Shreya: 1023
Shreya: 1023
Shreya: 1023
Shreya: 1023
Shreya: 1023
Shreya: 1023
Shreya: 1023
Shreya: 1023
Shreya: 1023
Shreya: 1023
Shreya: 20
Shreya: 20
Shreya: 28
Shreya: 18
Shreya: 1023
Shreya: 1023
Shreya: 1023
Shreya: 1023
Shreya: 1023
Shreya: 872
Shreya: 695
Shreya: 812
Shreya: 1023
Shreya: 1023
Shreya: 1023
Shreya: 1023
Shreya: 1023
Shreya: 1023
Shreya: 1023
Shreya: 1023
Shreya: 1023
Shreya: 1023
Shreya: 1023
Shreya: 1023
Shreya: 1023
Shreya: 1023
Shreya: 1023
Shreya: 1023
Shreya: 1023
Shreya: 1023
Shreya: 1023
Shreya: 1023
Shreya: 1023
Shreya: 1023
Shreya: 1023
Shreya: 1023
Shreya: 1023
Shreya: 1023
Shreya: 1023
Shreya: 1023
Shreya: 1023
Shreya: 1023
Shreya: 1023
Shreya: 1023
Shreya: 1023
Shreya: 1023
Shreya: 1023
Shreya: 1023
Shreya: 1023
Shreya: 1023
Shreya: 1023
Shreya: 1023
Shreya: 1023
Shreya: 1023
Shreya: 1023
Shreya: 1023
Shreya: 1023
Shreya: 1023
Shreya: 1023
Shreya: 1023
Shreya: 1023
Shreya: 1023
Shreya: 28
Shreya: 16
Shreya: 16
Shreya: 401
Shreya: 973
Shreya: 1023
Shreya: 383
Shreya: 779
Shreya: 1023
Shreya: 1023
Shreya: 1023
Shreya: 1023
Shreya: 1023
Shreya: 1023
Shreya: 1023
Shreya: 1023
Shreya: 1023
Shreya: 1023
Shreya: 437
Shreya: 125
Shreya: 33
Shreya: 20
Shreya: 21
Shreya: 8
Shreya: 2
Shreya: 1
Shreya: 3
Shreya: 0
Shreya: 0
Shreya: 3
Shreya: 4
Shreya: 4
Shreya: 0
Shreya: 0
Shreya: 2
Shreya: 3
Shreya: 0
Shreya: 1
Shreya: 3
Shreya: 2
Shreya: 1
Shreya: 2
Shreya: 5
Shreya: 0
Shreya: 0
Shreya: 0
Shreya: 4
Shreya: 16
Shreya: 59
Shreya: 225
Shreya: 351
Shreya: 351
Shreya: 383
Shreya: 424
Shreya: 465
Shreya: 483
Shreya: 623
Shreya: 728
Shreya: 690
Shreya: 757
Shreya: 777
Shreya: 780
Shreya: 732
Shreya: 753
Shreya: 677
Shreya: 668
Shreya: 729
Shreya: 806
Shreya: 717
Shreya: 719
Shreya: 716
Shreya: 758
Shreya: 702
Shreya: 699
Shreya: 639
Shreya: 664
Shreya: 616
Shreya: 647
Shreya: 630
Shreya: 636
Shreya: 584
Shreya: 569
Shreya: 549
Shreya: 579
Shreya: 497
Shreya: 596
Shreya: 521
Shreya: 484
Shreya: 452
Shreya: 457
Shreya: 452
Shreya: 456
Shreya: 452
Shreya: 426
Shreya: 436
Shreya: 432
Shreya: 436
Shreya: 399
Shreya: 398
Shreya: 417
Shreya: 406
Shreya: 402
Shreya: 399
Shreya: 392
Shreya: 390
Shreya: 383
Shreya: 395
Shreya: 383
Shreya: 393
Shreya: 377
Shreya: 377
Shreya: 367
Shreya: 382
Shreya: 380
Shreya: 332
Shreya: 313
Shreya: 367
Shreya: 333
Shreya: 349
Shreya: 319
Shreya: 318
Shreya: 328
Shreya: 312
Shreya: 317
Shreya: 331
Shreya: 325
Shreya: 327
Shreya: 324
Shreya: 328
Shreya: 332
Shreya: 321
Shreya: 252
Shreya: 39
Shreya: 325
Shreya: 373
Shreya: 405
Shreya: 381
Shreya: 396
Shreya: 412
Shreya: 419
Shreya: 430
Shreya: 425
Shreya: 431
Shreya: 456
Shreya: 463
Shreya: 461
Shreya: 567
Shreya: 483
Shreya: 591
Shreya: 533
Shreya: 1023
Shreya: 1023
Shreya: 1023
Shreya: 1023
Shreya: 1023
Shreya: 1023
Shreya: 1023
Shreya: 1023
Shreya: 1023
Shreya: 1023
Shreya: 1023
Shreya: 1023
Shreya: 1023
Shreya: 1023
Shreya: 1023
Shreya: 1023
Shreya: 1023
Shreya: 1023
Shreya: 1023
Shreya: 1023
Shreya: 1023
Shreya: 1023
Shreya: 1023
Shreya: 1023
Shreya: 1023
Shreya: 1023
Shreya: 1023
Shreya: 1023
Shreya: 1023
Shreya: 1023
Shreya: 1023
Shreya: 1023
Shreya: 1023
Shreya: 1023
Shreya: 1023
Shreya: 1023
Shreya: 1023
Shreya: 1023
Shreya: 1023
Shreya: 1023
Shreya: 6
Shreya: 1
Shreya: 0
Shreya: 0
Shreya: 5
Shreya: 1023
Shreya: 1023
Shreya: 1023
Shreya: 1023
Shreya: 1023
Shreya: 1023
Shreya: 3
Shreya: 0
Shreya: 2
Shreya: 1
Shreya: 0
Shreya: 1
Shreya: 4
Shreya: 0
Shreya: 1
Shreya: 1023
Shreya: 1023
Shreya: 1023
Shreya: 1023
Shreya: 1023
Shreya: 1023
Shreya: 1023
Shreya: 1023
Shreya: 1023
Shreya: 1023
Shreya: 1023
Shreya: 1023
Shreya: 1023
Shreya: 1023
Shreya: 1023
Shreya: 1023
Shreya: 1023
Shreya: 1023
Shreya: 1023
Shreya: 1023
Shreya: 1023
Shreya: 1023
Shreya: 1023
Shreya: 1023
Shreya: 19
Shreya: 10
Shreya: 13
Shreya: 11
Shreya: 12
Shreya: 12
Shreya: 19
Shreya: 23
Shreya: 39
Shreya: 32
Shreya: 29
Shreya: 28
Shreya: 24
Shreya: 28
Shreya: 41
Shreya: 1023
Shreya: 1023
Shreya: 1023
Shreya: 1023
Shreya: 1023
Shreya: 1023
Shreya: 1023
Shreya: 1023
Shreya: 1023
Shreya: 1023
Shreya: 1023
Shreya: 1023
Shreya: 1023
Shreya: 1023
Shreya: 1023
Shreya: 1023
Shreya: 1023
Shreya: 1023
Shreya: 1023
Shreya: 1023
Shreya: 1023
Shreya: 1023
Shreya: 1023
Shreya: 1023
Shreya: 1023
Shreya: 1023
Shreya: 1023
Shreya: 1023
Shreya: 1023
Shreya: 1023
Shreya: 1023
Shreya: 1023
Shreya: 1023
Shreya: 1023
Shreya: 1023
Shreya: 1023
Shreya: 1023
Shreya: 1023
Shreya: 1023
Shreya: 1023
Shreya: 1023
Shreya: 1023
Shreya: 1023
Shreya: 1023
Shreya: 1023
Shreya: 1023
Shreya: 1023
Shreya: 1023
Shreya: 1023
Shreya: 1023
Shreya: 1023
Shreya: 1023
Shreya: 1023
Shreya: 1023
Shreya: 1023
Shreya: 1023
Shreya: 1023
Shreya: 1023
Shreya: 1023
Shreya: 1023
Shreya: 1023
Shreya: 1023
Shreya: 1023
Shreya: 1023
Shreya: 1023
Shreya: 1023
Shreya: 1023
Shreya: 1023
Shreya: 1023
Shreya: 1023
Shreya: 1023
Shreya: 1023
Shreya: 1023
Shreya: 1023
Shreya: 1023
Shreya: 1023
Shreya: 1023
Shreya: 1023
Shreya: 1023
Shreya: 1023
Shreya: 1023
Shreya: 1023
Shreya: 1023
Shreya: 1023
Shreya: 1023
Shreya: 1023
Shreya: 1023
Shreya: 1023
Shreya: 1023
Shreya: 1023
Shreya: 1023
Shreya: 1023
Shreya: 1023
Shreya: 1023
Shreya: 1023
Shreya: 1023
Shreya: 1023
Shreya: 1023
Shreya: 1023
Shreya: 1023
Shreya: 1023
Shreya: 1023
Shreya: 1023
Shreya: 1023
Shreya: 1023
Shreya: 1023
Shreya: 1023
Shreya: 1023
Shreya: 1023
Shreya: 1023
Shreya: 1023
Shreya: 1023
Shreya: 1023
Shreya: 1023
Shreya: 1023
Shreya: 1023
Shreya: 1023
Shreya: 1023
Shreya: 1023
Shreya: 1023
Shreya: 1023
Shreya: 1023
Shreya: 1023
Shreya: 1023
Shreya: 1023
Shreya: 1023
Shreya: 1023
Shreya: 1023
Shreya: 1023
Shreya: 1023
Shreya: 1023
Shreya: 1023
Shreya: 1023
Shreya: 1023
Shreya: 1023
Shreya: 1023
Shreya: 1023
Shreya: 1023
Shreya: 1023
Shreya: 1023
Shreya: 1023
Shreya: 1023
Shreya: 1023
Shreya: 1023
Shreya: 1023
Shreya: 1023
Shreya: 1023
Shreya: 1023
Shreya: 1023
Shreya: 1023
Shreya: 1023
Shreya: 1023
Shreya: 1023
Shreya: 1023
Shreya: 1023
Shreya: 1023
Shreya: 1023
Shreya: 1023
Shreya: 1023
Shreya: 1023
Shreya: 1023
Shreya: 1023
Shreya: 1023
Shreya: 1023
Shreya: 1023
Shreya: 1023
Shreya: 1023
Shreya: 1023
Shreya: 1023
Shreya: 1023
Shreya: 1023
Shreya: 1023
Shreya: 1023
Shreya: 1023
Shreya: 1023
Shreya: 1023
Shreya: 1023
Shreya: 1023
Shreya: 1023
Shreya: 1023
Shreya: 1023
Shreya: 1023
Shreya: 1023
Shreya: 1023
Shreya: 1023
Shreya: 1023
Shreya: 1023
Shreya: 1023
Shreya: 1023
Shreya: 1023
Shreya: 1023
Shreya: 1023
Shreya: 1023
Shreya: 1023
Shreya: 1023
Shreya: 1023
Shreya: 1023
Shreya: 1023
Shreya: 1023
Shreya: 1023
Shreya: 1023
Shreya: 1023
Shreya: 1023
Shreya: 1023
Shreya: 1023
Shreya: 1023
Shreya: 1023
Shreya: 1023
Shreya: 1023
Shreya: 1023
Shreya: 1023
Shreya: 1023
Shreya: 1023
Shreya: 1023
Shreya: 1023
Shreya: 1023
Shreya: 1023
Shreya: 1023
Shreya: 1023
Shreya: 1023
Shreya: 1023
Shreya: 1023
Shreya: 1023
Shreya: 1023
Shreya: 1023
Shreya: 1023
Shreya: 1023
Shreya: 1023
Shreya: 1023
Shreya: 1023
Shreya: 1023
Shreya: 1023
Shreya: 1023
Shreya: 1023
Shreya: 1023
Shreya: 1023
Shreya: 1023
Shreya: 1023
Shreya: 2
Shreya: 0
Shreya: 1023
Shreya: 1023
Shreya: 1023
Shreya: 1023
Shreya: 1023
Shreya: 1023
Shreya: 1023
Shreya: 1023
Shreya: 1023
Shreya: 1023
Shreya: 1023
Shreya: 1023
Shreya: 1023
Shreya: 1023
Shreya: 1023
Shreya: 1023
Shreya: 1023
Shreya: 1023
Shreya: 1023
Shreya: 1023
Shreya: 1023
Shreya: 2
Shreya: 2
Shreya: 0
Shreya: 1023
Shreya: 1023
Shreya: