0x1 (POWERON_RESET),boot:0x13 (SPI_FAST_FLASH_BOOT)
configsip: 0, SPIWP:0xee
clk_drv:0x00,q_drv:0x00,d_drv:0x00,cs0_drv:0x00,hd_drv:0x00,wp_drv:0x00
mode:DIO, clock div:2
load:0x3fff0030,len:7176
load:0ï¿½ets Jul 29 2019 12:21:46

rst:0x1 (POWERON_RESET),boot:0x13 (SPI_FAST_FLASH_BOOT)
configsip: 0, SPIWP:0xee
clk_drv:0x00,q_drv:0x00,d_drv:0x00,cs0_drv:0x00,hd_drv:0x00,wp_drv:0x00
mode:DIO, clock div:2
load:0x3fff0030,len:7176
load:0x40078000,len:15564
ho 0 tail 12 room 4
load:0x40080400,len:4
load:0x40080404,len:3904
entry 0x40080640
[0;32mI (31) boot: ESP-IDF v5.3.1-dirty 2nd stage bootloader[0m
[0;32mI (31) boot: compile time Aug  1 2025 22:22:06[0m
[0;32mI (31) boot: Multicore bootloader[0m
[0;32mI (36) boot: chip revision: v3.1[0m
[0;32mI (40) boot.esp32: SPI Speed      : 40MHz[0m
[0;32mI (44) boot.esp32: SPI Mode       : DIO[0m
[0;32mI (49) boot.esp32: SPI Flash Size : 2MB[0m
[0;32mI (53) boot: Enabling RNG early entropy source...[0m
[0;32mI (59) boot: Partition Table:[0m
[0;32mI (62) boot: ## Label            Usage          Type ST Offset   Length[0m
[0;32mI (70) boot:  0 nvs              WiFi data        01 02 00009000 00006000[0m
[0;32mI (77) boot:  1 phy_init         RF data          01 01 0000f000 00001000[0m
[0;32mI (85) boot:  2 factory          factory app      00 00 00010000 00100000[0m
[0;32mI (92) boot: End of partition table[0m
[0;32mI (96) esp_image: segment 0: paddr=00010020 vaddr=3f400020 size=09cb8h ( 40120) map[0m
[0;32mI (119) esp_image: segment 1: paddr=00019ce0 vaddr=3ffb0000 size=02364h (  9060) load[0m
[0;32mI (122) esp_image: segment 2: paddr=0001c04c vaddr=40080000 size=03fcch ( 16332) load[0m
[0;32mI (131) esp_image: segment 3: paddr=00020020 vaddr=400d0020 size=14a54h ( 84564) map[0m
[0;32mI (162) esp_image: segment 4: paddr=00034a7c vaddr=40083fcc size=08a58h ( 35416) load[0m
[0;32mI (182) boot: Loaded app from partition at offset 0x10000[0m
[0;32mI (182) boot: Disabling RNG early entropy source...[0m
[0;32mI (194) cpu_start: Multicore app[0m
[0;32mI (203) cpu_start: Pro cpu start user code[0m
[0;32mI (203) cpu_start: cpu freq: 160000000 Hz[0m
[0;32mI (203) app_init: Application information:[0m
[0;32mI (206) app_init: Project name:     IR_analog[0m
[0;32mI (211) app_init: App version:      v5.3.1-dirty[0m
[0;32mI (216) app_init: Compile time:     Aug  1 2025 22:21:28[0m
[0;32mI (222) app_init: ELF file SHA256:  45a997b13...[0m
[0;32mI (227) app_init: ESP-IDF:          v5.3.1-dirty[0m
[0;32mI (233) efuse_init: Min chip rev:     v0.0[0m
[0;32mI (237) efuse_init: Max chip rev:     v3.99 [0m
[0;32mI (242) efuse_init: Chip rev:         v3.1[0m
[0;32mI (247) heap_init: Initializing. RAM available for dynamic allocation:[0m
[0;32mI (255) heap_init: At 3FFAE6E0 len 00001920 (6 KiB): DRAM[0m
[0;32mI (260) heap_init: At 3FFB2C30 len 0002D3D0 (180 KiB): DRAM[0m
[0;32mI (267) heap_init: At 3FFE0440 len 00003AE0 (14 KiB): D/IRAM[0m
[0;32mI (273) heap_init: At 3FFE4350 len 0001BCB0 (111 KiB): D/IRAM[0m
[0;32mI (279) heap_init: At 4008CA24 len 000135DC (77 KiB): IRAM[0m
[0;32mI (287) spi_flash: detected chip: generic[0m
[0;32mI (290) spi_flash: flash io: dio[0m
[0;33mW (294) spi_flash: Detected size(4096k) larger than the size in the binary image header(2048k). Using the size in the binary image header.[0m
[0;33mW (307) ADC: legacy driver is deprecated, please migrate to `esp_adc/adc_oneshot.h`[0m
[0;32mI (316) main_task: Started on CPU0[0m
[0;32mI (326) main_task: Calling app_main()[0m
Shreya: 4095
Shreya: 4095
Shreya: 4095
Shreya: 4095
Shreya: 4095
Shreya: 4095
Shreya: 4095
Shreya: 4095
Shreya: 4095
Shreya: 4095
Shreya: 4095
Shreya: 4095
Shreya: 4095
Shreya: 4095
Shreya: 4095
Shreya: 4095
Shreya: 4095
Shreya: 4095
Shreya: 4095
Shreya: 4095
Shreya: 4095
Shreya: 4095
Shreya: 4095
Shreya: 4095
Shreya: 4095
Shreya: 4095
Shreya: 4095
Shreya: 4095
Shreya: 4095
Shreya: 4095
Shreya: 4095
Shreya: 4095
Shreya: 4095
Shreya: 4095
Shreya: 4095
Shreya: 4095
Shreya: 4095
Shreya: 4095
Shreya: 4095
Shreya: 4095
Shreya: 4095
Shreya: 4095
Shreya: 4095
Shreya: 2
Shreya: 0
Shreya: 7
Shreya: 2
Shreya: 0
Shreya: 4095
Shreya: 4095
Shreya: 4095
Shreya: 6
Shreya: 4095
Shreya: 5
Shreya: 4095
Shreya: 4095
Shreya: 4095
Shreya: 4095
Shreya: 4095
Shreya: 4095
Shreya: 4095
Shreya: 4095
Shreya: 4095
Shreya: 4095
Shreya: 4095
Shreya: 4095
Shreya: 4095
Shreya: 4095
Shreya: 4095
Shreya: 4095
Shreya: 4095
Shreya: 4095
Shreya: 4095
Shreya: 4095
Shreya: 4095
Shreya: 4095
Shreya: 4095
Shreya: 4095
Shreya: 4095
Shreya: 4095
Shreya: 4095
Shreya: 4095
Shreya: 28
Shreya: 13
Shreya: 13
Shreya: 9
Shreya: 13
Shreya: 14
Shreya: 13
Shreya: 15
Shreya: 13
Shreya: 11
Shreya: 26
Shreya: 14
Shreya: 11
Shreya: 11
Shreya: 21
Shreya: 13
Shreya: 8
Shreya: 17
Shreya: 15
Shreya: 9
Shreya: 7
Shreya: 14
Shreya: 17
Shreya: 9
Shreya: 0
Shreya: 9
Shreya: 15
Shreya: 0
Shreya: 7
Shreya: 6
Shreya: 9
Shreya: 16
Shreya: 9
Shreya: 5
Shreya: 10
Shreya: 10
Shreya: 7
Shreya: 22
Shreya: 7
Shreya: 13
Shreya: 8
Shreya: 16
Shreya: 11
Shreya: 10
Shreya: 9
Shreya: 36
Shreya: 6
Shreya: 14
Shreya: 11
Shreya: 29
Shreya: 12
Shreya: 0
Shreya: 3
Shreya: 16
Shreya: 0
Shreya: 13
Shreya: 16
Shreya: 16
Shreya: 14
Shreya: 4
Shreya: 14
Shreya: 48
Shreya: 14
Shreya: 11
Shreya: 9
Shreya: 28
Shreya: 11
Shreya: 14
Shreya: 0
Shreya: 27
Shreya: 27
Shreya: 14
Shreya: 15
Shreya: 21
Shreya: 13
Shreya: 19
Shreya: 3
Shreya: 0
Shreya: 12
Shreya: 14
Shreya: 27
Shreya: 51
Shreya: 11
Shreya: 0
Shreya: 14
Shreya: 13
Shreya: 0
Shreya: 16
Shreya: 25
Shreya: 21
Shreya: 10
Shreya: 11
Shreya: 0
Shreya: 15
Shreya: 15
Shreya: 0
Shreya: 13
Shreya: 14
Shreya: 14
Shreya: 12
Shreya: 15
Shreya: 13
Shreya: 14
Shreya: 17
Shreya: 21
Shreya: 13
Shreya: 18
Shreya: 16
Shreya: 14
Shreya: 16
Shreya: 12
Shreya: 16
Shreya: 15
Shreya: 20
Shreya: 14
Shreya: 16
Shreya: 13
Shreya: 15
Shreya: 9
Shreya: 14
Shreya: 3
Shreya: 9
Shreya: 16
Shreya: 16
Shreya: 0
Shreya: 11
Shreya: 5
Shreya: 13
Shreya: 16
Shreya: 32
Shreya: 14
Shreya: 16
Shreya: 16
Shreya: 4
Shreya: 12
Shreya: 0
Shreya: 14
Shreya: 2
Shreya: 0
Shreya: 11
Shreya: 13
Shreya: 14
Shreya: 13
Shreya: 16
Shreya: 13
Shreya: 0
Shreya: 13
Shreya: 4
Shreya: 6
Shreya: 3
Shreya: 8
Shreya: 7
Shreya: 46
Shreya: 0
Shreya: 12
Shreya: 3
Shreya: 11
Shreya: 3
Shreya: 11
Shreya: 8
Shreya: 4
Shreya: 0
Shreya: 35
Shreya: 12
Shreya: 5
Shreya: 16
Shreya: 17
Shreya: 14
Shreya: 21
Shreya: 0
Shreya: 21
Shreya: 16
Shreya: 16
Shreya: 16
Shreya: 14
Shreya: 19
Shreya: 14
Shreya: 2
Shreya: 16
Shreya: 20
Shreya: 14
Shreya: 17
Shreya: 10
Shreya: 21
Shreya: 16
Shreya: 16
Shreya: 19
Shreya: 16
Shreya: 16
Shreya: 20
Shreya: 16
Shreya: 15
Shreya: 16
Shreya: 13
Shreya: 14
Shreya: 16
Shreya: 15
Shreya: 14
Shreya: 16
Shreya: 16
Shreya: 16
Shreya: 14
Shreya: 16
Shreya: 15
Shreya: 16
Shreya: 17
Shreya: 12
Shreya: 15
Shreya: 6
Shreya: 16
Shreya: 16
Shreya: 23
Shreya: 15
Shreya: 14
Shreya: 16
Shreya: 16
Shreya: 16
Shreya: 10
Shreya: 17
Shreya: 71
Shreya: 15
Shreya: 0
Shreya: 1
Shreya: 2
Shreya: 0
Shreya: 0
Shreya: 18
Shreya: 2
Shreya: 1
Shreya: 5
Shreya: 13
Shreya: 1
Shreya: 6
Shreya: 6
Shreya: 3
Shreya: 5
Shreya: 0
Shreya: 15
Shreya: 3
Shreya: 3
Shreya: 7
Shreya: 3
Shreya: 2
Shreya: 5
Shreya: 2
Shreya: 2
Shreya: 3
Shreya: 5
Shreya: 4
Shreya: 5
Shreya: 16
Shreya: 4
Shreya: 0
Shreya: 0
Shreya: 3
Shreya: 3
Shreya: 3
Shreya: 1
Shreya: 3
Shreya: 1
Shreya: 3
Shreya: 1
Shreya: 3
Shreya: 7
Shreya: 0
Shreya: 7
Shreya: 65
Shreya: 0
Shreya: 1
Shreya: 2
Shreya: 2
Shreya: 2
Shreya: 16
Shreya: 32
Shreya: 0
Shreya: 0
Shreya: 1
Shreya: 0
Shreya: 3
Shreya: 0
Shreya: 2
Shreya: 1
Shreya: 16
Shreya: 0
Shreya: 2
Shreya: 2
Shreya: 1
Shreya: 3
Shreya: 0
Shreya: 0
Shreya: 1
Shreya: 1
Shreya: 2
Shreya: 6
Shreya: 5
Shreya: 6
Shreya: 3
Shreya: 5
Shreya: 6
Shreya: 5
Shreya: 4
Shreya: 5
Shreya: 1
Shreya: 0
Shreya: 18
Shreya: 16
Shreya: 0
Shreya: 1
Shreya: 1
Shreya: 15
Shreya: 5
Shreya: 5
Shreya: 0
Shreya: 1
Shreya: 0
Shreya: 6
Shreya: 75
Shreya: 7
Shreya: 3
Shreya: 16
Shreya: 1
Shreya: 2
Shreya: 69
Shreya: 0
Shreya: 1
Shreya: 9
Shreya: 10
Shreya: 0
Shreya: 1
Shreya: 2
Shreya: 14
Shreya: 1
Shreya: 3
Shreya: 2
Shreya: 0
Shreya: 3
Shreya: 0
Shreya: 0
Shreya: 1
Shreya: 16
Shreya: 0
Shreya: 6
Shreya: 5
Shreya: 26
Shreya: 3
Shreya: 2
Shreya: 43
Shreya: 5
Shreya: 0
Shreya: 9
Shreya: 15
Shreya: 13
Shreya: 0
Shreya: 4
Shreya: 1
Shreya: 0
Shreya: 27
Shreya: 10
Shreya: 1
Shreya: 4
Shreya: 7
Shreya: 4
Shreya: 0
Shreya: 0
Shreya: 0
Shreya: 0
Shreya: 0
Shreya: 0
Shreya: 0
Shreya: 0
Shreya: 16
Shreya: 4
Shreya: 1
Shreya: 3
Shreya: 23
Shreya: 0
Shreya: 1
Shreya: 1
Shreya: 0
Shreya: 0
Shreya: 5
Shreya: 0
Shreya: 5
Shreya: 1
Shreya: 0
Shreya: 0
Shreya: 1
Shreya: 0
Shreya: 0
Shreya: 2
Shreya: 1
Shreya: 3
Shreya: 2
Shreya: 1
Shreya: 1
Shreya: 2
Shreya: 1
Shreya: 1
Shreya: 1
Shreya: 3
Shreya: 0
Shreya: 0
Shreya: 0
Shreya: 5
Shreya: 0
Shreya: 9
Shreya: 0
Shreya: 3
Shreya: 4
Shreya: 0
Shreya: 6
Shreya: 13
Shreya: 5
Shreya: 1
Shreya: 0
Shreya: 0
Shreya: 6
Shreya: 6
Shreya: 1
Shreya: 7
Shreya: 3
Shreya: 4
Shreya: 17
Shreya: 10
Shreya: 16
Shreya: 3
Shreya: 3
Shreya: 0
Shreya: 13
Shreya: 5
Shreya: 9
Shreya: 2
Shreya: 4
Shreya: 1
Shreya: 12
Shreya: 0
Shreya: 0
Shreya: 0
Shreya: 0
Shreya: 16
Shreya: 0
Shreya: 0
Shreya: 0
Shreya: 0
Shreya: 1
Shreya: 1
Shreya: 9
Shreya: 0
Shreya: 5
Shreya: 5
Shreya: 16
Shreya: 1
Shreya: 16
Shreya: 3
Shreya: 0
Shreya: 4
Shreya: 1
Shreya: 3
Shreya: 0
Shreya: 1
Shreya: 2
Shreya: 10
Shreya: 9
Shreya: 0
Shreya: 80
Shreya: 3
Shreya: 7
Shreya: 0
Shreya: 0
Shreya: 2
Shreya: 0
Shreya: 0
Shreya: 2
Shreya: 3
Shreya: 3
Shreya: 4
Shreya: 1
Shreya: 1
Shreya: 15
Shreya: 2
Shreya: 0
Shreya: 0
Shreya: 3
Shreya: 4
Shreya: 3
Shreya: 22
Shreya: 3
Shreya: 3
Shreya: 4
Shreya: 3
Shreya: 2
Shreya: 0
Shreya: 2
Shreya: 0
Shreya: 5
Shreya: 0
Shreya: 6
Shreya: 3
Shreya: 0
Shreya: 5
Shreya: 2
Shreya: 54
Shreya: 10
Shreya: 4095
Shreya: 4095
Shreya: 4095
Shreya: 4095
Shreya: 4095
Shreya: 4095
Shreya: 4095
Shreya: 4095
Shreya: 4095
Shreya: 4095
Shreya: 4095
Shreya: 4095
Shreya: 4095
Shreya: 17
Shreya: 1
Shreya: 0
Shreya: 1
Shreya: 1
Shreya: 4
Shreya: 53
Shreya: 17
Shreya: 22
Shreya: 22
Shreya: 19
Shreya: 18
Shreya: 37
Shreya: 23
Shreya: 10
Shreya: 25
Shreya: 48
Shreya: 155
Shreya: 208
Shreya: 149
Shreya: 90
Shreya: 64
Shreya: 47
Shreya: 35
Shreya: 46
Shreya: 46
Shreya: 55
Shreya: 52
Shreya: 45
Shreya: 43
Shreya: 0
Shreya: 47
Shreya: 43
Shreya: 16
Shreya: 44
Shreya: 43
Shreya: 38
Shreya: 44
Shreya: 42
Shreya: 43
Shreya: 59
Shreya: 41
Shreya: 43
Shreya: 45
Shreya: 43
Shreya: 44
Shreya: 43
Shreya: 0
Shreya: 40
Shreya: 47
Shreya: 40
Shreya: 42
Shreya: 43
Shreya: 22
Shreya: 44
Shreya: 44
Shreya: 45
Shreya: 37
Shreya: 47
Shreya: 33
Shreya: 32
Shreya: 42
Shreya: 1309
Shreya: 4095
Shreya: 4095
Shreya: 4095
Shreya: 4095
Shreya: 4095
Shreya: 4095
Shreya: 4095
Shreya: 65
Shreya: 65
Shreya: 93
Shreya: 4095
Shreya: 4095
Shreya: 4095
Shreya: 4095
Shreya: 4095
Shreya: 4095
Shreya: 4095
Shreya: 4095
Shreya: 4095
Shreya: 4095
Shreya: 4095
Shreya: 4095
Shreya: 4095
Shreya: 4095
Shreya: 4095
Shreya: 4095
Shreya: 4095
Shreya: 4095
Shreya: 4095
Shreya: 4095
Shreya: 4095
Shreya: 4095
Shreya: 4095
Shreya: 4095
Shreya: 4095
Shreya: 4095
Shreya: 4095
Shreya: 4095
Shreya: 4095
Shreya: 4095
Shreya: 4095
Shreya: 4095
Shreya: 4095
Shreya: 4095
Shreya: 4095
Shreya: 4095
Shreya: 4095
Shreya: 4095
Shreya: 4095
Shreya: 4095
Shreya: 4095
Shreya: 4095
Shreya: 4095
Shreya: 4095
Shreya: 4095
Shreya: 4095
Shreya: 4095
Shreya: 4095
Shreya: 4095
Shreya: 4095
Shreya: 4095
Shreya: 4095
Shreya: 4095
Shreya: 4095
Shreya: 4095
Shreya: 4095
Shreya: 4095
Shreya: 4095
Shreya: 4095
Shreya: 4095
Shreya: 4095
Shreya: 4095
Shreya: 4095
Shreya: 4095
Shreya: 4095
Shreya: 4095
Shreya: 4095
Shreya: 4095
Shreya: 4095
Shreya: 4095
Shreya: 4095
Shreya: 4095
Shreya: 4095
Shreya: 4095
Shreya: 4095
Shreya: 4095
Shreya: 4095
Shreya: 4095
Shreya: 4095
Shreya: 4095
Shreya: 4095
Shreya: 4095
Shreya: 4095
Shreya: 4095
Shreya: 4095
Shreya: 4095
Shreya: 4095
Shreya: 4095
Shreya: 4095
Shreya: 4095
Shreya: 4095
Shreya: 4095
Shreya: 4095
Shreya: 4095
Shreya: 4095
Shreya: 4095
Shreya: 4095
Shreya: 4095
Shreya: 4095
Shreya: 4095
Shreya: 4095
Shreya: 4095
Shreya: 4095
Shreya: 4095
Shreya: 4095
Shreya: 4095
Shreya: 4095
Shreya: 4095
Shreya: 4095
Shreya: 4095
Shreya: 4095
Shreya: 4095
Shreya: 4095
Shreya: 4095
Shreya: 4095
Shreya: 4095
Shreya: 4095
Shreya: 4095
Shreya: 4095
Shreya: 4095
Shreya: 4095
Shreya: 4095
Shreya: 4095
Shreya: 4095
Shreya: 4095
Shreya: 4095
Shreya: 4095
Shreya: 4095
Shreya: 4095
Shreya: 4095
Shreya: 4095
Shreya: 4095
Shreya: 4095
Shreya: 4095
Shreya: 4095
Shreya: 4095
Shreya: 4095
Shreya: 4095
Shreya: 4095
Shreya: 4095
Shreya: 4095
Shreya: 4095
Shreya: 4095
Shreya: 4095
Shreya: 4095
Shreya: 4095
Shreya: 4095
Shreya: 4095
Shreya: 4095
Shreya: 4095
Shreya: 4095
Shreya: 4095
Shreya: 4095
Shreya: 4095
Shreya: 4095
Shreya: 4095
Shreya: 4095
Shreya: 4095
Shreya: 4095
Shreya: 4095
Shreya: 4095
Shreya: 4095
Shreya: 4095
Shreya: 4095
Shreya: 4095
Shreya: 4095
Shreya: 4095
Shreya: 4095
Shreya: 4095
Shreya: 4095
Shreya: 4095
Shreya: 4095
Shreya: 4095
Shreya: 4095
Shreya: 4095
Shreya: 4095
Shreya: 4095
Shreya: 4095
Shreya: 4095
Shreya: 4095
Shreya: 4095
Shreya: 4095
Shreya: 4095
Shreya: 4095
Shreya: 4095
Shreya: 4095
Shreya: 4095
Shreya: 4095
Shreya: 4095
Shreya: 4095
Shreya: 4095
Shreya: 4095
Shreya: 4095
Shreya: 4095
Shreya: 4095
Shreya: 4095
Shreya: 4095
Shreya: 4095
Shreya: 4095
Shreya: 4095
Shreya: 4095
Shreya: 4095
Shreya: 4095
Shreya: 4095
Shreya: 4095
Shreya: 4095
Shreya: 4095
Shreya: 4095
Shreya: 4095
Shreya: 4095
Shreya: 4095
Shreya: 4095
Shreya: 4095
Shreya: 4095
Shreya: 4095
Shreya: 4095
Shreya: 4095
Shreya: 4095
Shreya: 4095
Shreya: 4095
Shreya: 4095
Shreya: 4095
Shreya: 4095
Shreya: 4095
Shreya: 4095
Shreya: 4095
Shreya: 4095
Shreya: 4095
Shreya: 4095
Shreya: 4095
Shreya: 4095
Shreya: 4095
Shreya: 4095
Shreya: 4095
Shreya: 4095
Shreya: 4095
Shreya: 4095
Shreya: 4095
Shreya: 4095
Shreya: 4095
Shreya: 4095
Shreya: 4095
Shreya: 4095
Shreya: 4095
Shreya: 4095
Shreya: 4095
Shreya: 4095
Shreya: 4095
Shreya: 4095
Shreya: 4095
Shreya: 4095
Shreya: 4095
Shreya: 4095
Shreya: 4095
Shreya: 4095
Shreya: 4095
Shreya: 4095
Shreya: 4095
Shreya: 4095
Shreya: 4095
Shreya: 4095
Shreya: 4095
Shreya: 4095
Shreya: 4095
Shreya: 4095
Shreya: 4095
Shreya: 4095
Shreya: 4095
Shreya: 4095
Shreya: 4095
Shreya: 4095
Shreya: 4095
Shreya: 4095
Shreya: 4095
Shreya: 4095
Shreya: 4095
Shreya: 4095
Shreya: 4095
Shreya: 4095
Shreya: 4095
Shreya: 4095
Shreya: 4095
Shreya: 4095
Shreya: 4095
Shreya: 4095
Shreya: 4095
Shreya: 4095
Shreya: 4095
Shreya: 4095
Shreya: 4095
Shreya: 4095
Shreya: 4095
Shreya: 4095
Shreya: 4095
Shreya: 4095
Shreya: 4095
Shreya: 4095
Shreya: 4095
Shreya: 4095
Shreya: 4095
Shreya: 4095
