ets Jul 29 2019 12:21:46

rst:0x1 (POWERON_RESET),boot:0x13 (SPI_FAST_FLASH_BOOT)
configsip: 0, SPIWP:0xee
clk_drv:0x00,q_drv:0x00,d_drv:0x00,cs0_drv:0x00,hd_drv:0x00,wp_drv:0x00
mode:DIO, clock div:2ï¿½ets Jul 29 2019 12:21:46

rst:0x1 (POWERON_RESET),boot:0x13 (SPI_FAST_FLASH_BOOT)
configsip: 0, SPIWP:0xee
clk_drv:0x00,q_drv:0x00,d_drv:0x00,cs0_drv:0x00,hd_drv:0x00,wp_drv:0x00
mode:DIO, clock div:2
load:0x3fff0030,len:7176
load:0x40078000,len:15564
ho 0 tail 12 room 4
load:0x40080400,len:4
load:0x40080404,len:3904
entry 0x40080640
[0;32mI (31) boot: ESP-IDF v5.3.1-dirty 2nd stage bootloader[0m
[0;32mI (31) boot: compile time Aug 15 2025 17:27:42[0m
[0;32mI (31) boot: Multicore bootloader[0m
[0;32mI (36) boot: chip revision: v3.1[0m
[0;32mI (40) boot.esp32: SPI Speed      : 40MHz[0m
[0;32mI (44) boot.esp32: SPI Mode       : DIO[0m
[0;32mI (49) boot.esp32: SPI Flash Size : 2MB[0m
[0;32mI (53) boot: Enabling RNG early entropy source...[0m
[0;32mI (59) boot: Partition Table:[0m
[0;32mI (62) boot: ## Label            Usage          Type ST Offset   Length[0m
[0;32mI (70) boot:  0 nvs              WiFi data        01 02 00009000 00006000[0m
[0;32mI (77) boot:  1 phy_init         RF data          01 01 0000f000 00001000[0m
[0;32mI (85) boot:  2 factory          factory app      00 00 00010000 00100000[0m
[0;32mI (92) boot: End of partition table[0m
[0;32mI (96) esp_image: segment 0: paddr=00010020 vaddr=3f400020 size=0b434h ( 46132) map[0m
[0;32mI (121) esp_image: segment 1: paddr=0001b45c vaddr=3ffb0000 size=02478h (  9336) load[0m
[0;32mI (124) esp_image: segment 2: paddr=0001d8dc vaddr=40080000 size=0273ch ( 10044) load[0m
[0;32mI (130) esp_image: segment 3: paddr=00020020 vaddr=400d0020 size=16acch ( 92876) map[0m
[0;32mI (167) esp_image: segment 4: paddr=00036af4 vaddr=4008273c size=0bcb4h ( 48308) load[0m
[0;32mI (193) boot: Loaded app from partition at offset 0x10000[0m
[0;32mI (193) boot: Disabling RNG early entropy source...[0m
[0;32mI (205) cpu_start: Multicore app[0m
[0;32mI (213) cpu_start: Pro cpu start user code[0m
[0;32mI (213) cpu_start: cpu freq: 160000000 Hz[0m
[0;32mI (214) app_init: Application information:[0m
[0;32mI (216) app_init: Project name:     SPI[0m
[0;32mI (221) app_init: App version:      c6e3084-dirty[0m
[0;32mI (226) app_init: Compile time:     Aug 15 2025 17:27:07[0m
[0;32mI (232) app_init: ELF file SHA256:  bbe348480...[0m
[0;32mI (238) app_init: ESP-IDF:          v5.3.1-dirty[0m
[0;32mI (243) efuse_init: Min chip rev:     v0.0[0m
[0;32mI (248) efuse_init: Max chip rev:     v3.99 [0m
[0;32mI (253) efuse_init: Chip rev:         v3.1[0m
[0;32mI (258) heap_init: Initializing. RAM available for dynamic allocation:[0m
[0;32mI (265) heap_init: At 3FFAE6E0 len 00001920 (6 KiB): DRAM[0m
[0;32mI (271) heap_init: At 3FFB2D70 len 0002D290 (180 KiB): DRAM[0m
[0;32mI (277) heap_init: At 3FFE0440 len 00003AE0 (14 KiB): D/IRAM[0m
[0;32mI (283) heap_init: At 3FFE4350 len 0001BCB0 (111 KiB): D/IRAM[0m
[0;32mI (290) heap_init: At 4008E3F0 len 00011C10 (71 KiB): IRAM[0m
[0;32mI (297) spi_flash: detected chip: generic[0m
[0;32mI (301) spi_flash: flash io: dio[0m
[0;33mW (304) spi_flash: Detected size(4096k) larger than the size in the binary image header(2048k). Using the size in the binary image header.[0m
[0;32mI (318) main_task: Started on CPU0[0m
[0;32mI (328) main_task: Calling app_main()[0m
[0;32mI (328) SHIFT_SPI: Initializing SPI shift register reader...[0m
[0;32mI (328) gpio: GPIO[32]| InputEn: 0| OutputEn: 1| OpenDrain: 0| Pullup: 0| Pulldown: 0| Intr:0 [0m
[0;32mI (338) SHIFT_SPI: Sensors: 1 1 1 1[0m
[0;32mI (838) SHIFT_SPI: Sensors: 1 1 1 1[0m
[0;32mI (1338) SHIFT_SPI: Sensors: 1 1 1 1[0m
[0;32mI (1838) SHIFT_SPI: Sensors: 1 1 1 1[0m
[0;32mI (2338) SHIFT_SPI: Sensors: 1 1 1 1[0m
[0;32mI (2838) SHIFT_SPI: Sensors: 1 1 1 1[0m
[0;32mI (3338) SHIFT_SPI: Sensors: 1 1 1 1[0m
[0;32mI (3838) SHIFT_SPI: Sensors: 1 1 1 1[0m
[0;32mI (4338) SHIFT_SPI: Sensors: 1 1 1 1[0m
[0;32mI (4838) SHIFT_SPI: Sensors: 1 1 1 1[0m
[0;32mI (5338) SHIFT_SPI: Sensors: 1 1 1 1[0m
[0;32mI (5838) SHIFT_SPI: Sensors: 1 1 1 1[0m
[0;32mI (6338) SHIFT_SPI: Sensors: 0 1 1 1[0m
[0;32mI (6838) SHIFT_SPI: Sensors: 1 1 1 1[0m
[0;32mI (7338) SHIFT_SPI: Sensors: 1 1 1 1[0m
[0;32mI (7838) SHIFT_SPI: Sensors: 0 1 1 1[0m
[0;32mI (8338) SHIFT_SPI: Sensors: 0 1 1 1[0m
[0;32mI (8838) SHIFT_SPI: Sensors: 1 1 1 1[0m
[0;32mI (9338) SHIFT_SPI: Sensors: 1 1 1 1[0m
[0;32mI (9838) SHIFT_SPI: Sensors: 1 1 1 1[0m
[0;32mI (10338) SHIFT_SPI: Sensors: 1 0 1 1[0m
[0;32mI (10838) SHIFT_SPI: Sensors: 1 0 1 1[0m
[0;32mI (11338) SHIFT_SPI: Sensors: 1 0 1 1[0m
[0;32mI (11838) SHIFT_SPI: Sensors: 1 1 0 1[0m
[0;32mI (12338) SHIFT_SPI: Sensors: 1 1 0 1[0m
[0;32mI (12838) SHIFT_SPI: Sensors: 1 1 0 1[0m
[0;32mI (13338) SHIFT_SPI: Sensors: 1 1 0 1[0m
[0;32mI (13838) SHIFT_SPI: Sensors: 1 1 0 1[0m
[0;32mI (14338) SHIFT_SPI: Sensors: 1 1 0 1[0m
[0;32mI (14838) SHIFT_SPI: Sensors: 1 1 0 1[0m
[0;32mI (15338) SHIFT_SPI: Sensors: 1 1 0 1[0m
[0;32mI (15838) SHIFT_SPI: Sensors: 1 1 0 1[0m
[0;32mI (16338) SHIFT_SPI: Sensors: 1 1 0 1[0m
[0;32mI (16838) SHIFT_SPI: Sensors: 1 1 0 1[0m
[0;32mI (17338) SHIFT_SPI: Sensors: 1 1 0 1[0m
[0;32mI (17838) SHIFT_SPI: Sensors: 1 1 0 1[0m
[0;32mI (18338) SHIFT_SPI: Sensors: 1 1 0 1[0m
[0;32mI (18838) SHIFT_SPI: Sensors: 1 1 0 1[0m
[0;32mI (19338) SHIFT_SPI: Sensors: 1 1 0 1[0m
[0;32mI (19838) SHIFT_SPI: Sensors: 1 1 0 1[0m
[0;32mI (20338) SHIFT_SPI: Sensors: 1 1 0 0[0m
[0;32mI (20838) SHIFT_SPI: Sensors: 1 1 0 1[0m
[0;32mI (21338) SHIFT_SPI: Sensors: 1 1 0 1[0m
[0;32mI (21838) SHIFT_SPI: Sensors: 1 1 0 1[0m
[0;32mI (22338) SHIFT_SPI: Sensors: 1 1 0 1[0m
[0;32mI (22838) SHIFT_SPI: Sensors: 1 1 1 1[0m
[0;32mI (23338) SHIFT_SPI: Sensors: 1 1 1 1[0m
[0;32mI (23838) SHIFT_SPI: Sensors: 1 1 0 0[0m
[0;32mI (24338) SHIFT_SPI: Sensors: 1 1 0 0[0m
[0;32mI (24838) SHIFT_SPI: Sensors: 1 1 1 1[0m
[0;32mI (25338) SHIFT_SPI: Sensors: 1 1 1 1[0m
[0;32mI (25838) SHIFT_SPI: Sensors: 1 1 0 0[0m
[0;32mI (26338) SHIFT_SPI: Sensors: 1 1 0 0[0m
[0;32mI (26838) SHIFT_SPI: Sensors: 1 1 0 0[0m
[0;32mI (27338) SHIFT_SPI: Sensors: 1 1 0 1[0m
[0;32mI (27838) SHIFT_SPI: Sensors: 1 1 0 1[0m
[0;32mI (28338) SHIFT_SPI: Sensors: 1 1 0 0[0m
[0;32mI (28838) SHIFT_SPI: Sensors: 1 1 0 0[0m
[0;32mI (29338) SHIFT_SPI: Sensors: 1 1 0 1[0m
[0;32mI (29838) SHIFT_SPI: Sensors: 1 1 0 1[0m
[0;32mI (30338) SHIFT_SPI: Sensors: 1 1 0 0[0m
[0;32mI (30838) SHIFT_SPI: Sensors: 1 1 0 0[0m
[0;32mI (31338) SHIFT_SPI: Sensors: 1 1 0 1[0m
[0;32mI (31838) SHIFT_SPI: Sensors: 1 1 1 1[0m
[0;32mI (32338) SHIFT_SPI: Sensors: 1 1 0 1[0m
[0;32mI (32838) SHIFT_SPI: Sensors: 1 1 0 1[0m
[0;32mI (33338) SHIFT_SPI: Sensors: 1 1 0 0[0m
[0;32mI (33838) SHIFT_SPI: Sensors: 1 1 0 0[0m
[0;32mI (34338) SHIFT_SPI: Sensors: 1 1 0 0[0m
[0;32mI (34838) SHIFT_SPI: Sensors: 1 1 1 1[0m
[0;32mI (35338) SHIFT_SPI: Sensors: 1 1 0 1[0m
[0;32mI (35838) SHIFT_SPI: Sensors: 1 1 0 1[0m
[0;32mI (36338) SHIFT_SPI: Sensors: 1 1 0 0[0m
[0;32mI (36838) SHIFT_SPI: Sensors: 1 1 0 0[0m
[0;32mI (37338) SHIFT_SPI: Sensors: 1 1 0 1[0m
[0;32mI (37838) SHIFT_SPI: Sensors: 1 1 1 1[0m
[0;32mI (38338) SHIFT_SPI: Sensors: 1 1 0 0[0m
[0;32mI (38838) SHIFT_SPI: Sensors: 1 1 0 0[0m
[0;32mI (39338) SHIFT_SPI: Sensors: 1 1 0 0[0m
[0;32mI (39838) SHIFT_SPI: Sensors: 1 1 1 1[0m
[0;32mI (40338) SHIFT_SPI: Sensors: 1 1 1 1[0m
[0;32mI (40838) SHIFT_SPI: Sensors: 1 1 1 1[0m
[0;32mI (41338) SHIFT_SPI: Sensors: 1 1 1 1[0m
[0;32mI (41838) SHIFT_SPI: Sensors: 1 1 1 1[0m
[0;32mI (42338) SHIFT_SPI: Sensors: 1 1 1 1[0m
[0;32mI (42838) SHIFT_SPI: Sensors: 1 1 1 1[0m
[0;32mI (43338) SHIFT_SPI: Sensors: 1 1 1 1[0m
[0;32mI (43838) SHIFT_SPI: Sensors: 1 1 1 1[0m
[0;32mI (44338) SHIFT_SPI: Sensors: 1 1 1 1[0m
